inscribe works on Mac or Windows and while this demo is on the Mac version the software is pretty much identical on both platforms using inscribe couldn't be simpler launched the application Dragon audio or video file onto Inc scribes media window click play and start typing hello you can learn more about inscribe and find additional tutorials on inscribes many features at inqscribe.com thanks for watching